
> accufin@0.1.0 build
> prisma generate && next build

Environment variables loaded from .env
Prisma schema loaded from prisma\schema.prisma

Γ£ö Generated Prisma Client (v6.9.0) to .\lib\generated\prisma in 131ms

Start by importing your Prisma Client (See: https://pris.ly/d/importing-client)

Tip: Need your database queries to be 1000x faster? Accelerate offers you that and more: https://pris.ly/tip-2-accelerate

   Γû▓ Next.js 15.3.3
   - Environments: .env

   Creating an optimized production build ...
node.exe : glob error 
[Error: EPERM: 
operation not 
permitted, scandir 'C:\
Users\SASIKUMAR\Applica
tion Data'] {
At C:\Program Files\nod
ejs\npm.ps1:29 char:3
+   & $NODE_EXE 
$NPM_CLI_JS $args
+   ~~~~~~~~~~~~~~~~~~~
~~~~~~~~~~
    + CategoryInfo     
         : 
NotSpecified: (glo    
b error [Err...cation  
   Data'] {:String) 
[], R    emoteException
    + 
FullyQualifiedErrorI   
 d : NativeCommandError
 
  errno: -4048,
  code: 'EPERM',
  syscall: 'scandir',
  path: 'C:\\Users\\SAS
IKUMAR\\Application 
Data'
}
Failed to compile.

Error: EPERM: 
operation not 
permitted, scandir 'C:\
Users\SASIKUMAR\Applica
tion Data'


> Build failed because 
of webpack errors
